---
source: tests/snapshot_test.rs
assertion_line: 9
expression: blocks
---
[
    Heading {
        level: 1,
        content: StyledLine {
            spans: [
                StyledSpan {
                    text: "H1",
                    style: Style {
                        fg: Some(
                            Rgb(
                                189,
                                147,
                                249,
                            ),
                        ),
                        bg: None,
                        modifier: Modifier(
                            1,
                        ),
                    },
                    link: None,
                },
            ],
        },
    },
    Heading {
        level: 2,
        content: StyledLine {
            spans: [
                StyledSpan {
                    text: "H2",
                    style: Style {
                        fg: Some(
                            Rgb(
                                139,
                                233,
                                253,
                            ),
                        ),
                        bg: None,
                        modifier: Modifier(
                            1,
                        ),
                    },
                    link: None,
                },
            ],
        },
    },
    Heading {
        level: 3,
        content: StyledLine {
            spans: [
                StyledSpan {
                    text: "H3",
                    style: Style {
                        fg: Some(
                            Rgb(
                                80,
                                250,
                                123,
                            ),
                        ),
                        bg: None,
                        modifier: Modifier(
                            1,
                        ),
                    },
                    link: None,
                },
            ],
        },
    },
    Heading {
        level: 4,
        content: StyledLine {
            spans: [
                StyledSpan {
                    text: "H4",
                    style: Style {
                        fg: Some(
                            Rgb(
                                241,
                                250,
                                140,
                            ),
                        ),
                        bg: None,
                        modifier: Modifier(
                            1,
                        ),
                    },
                    link: None,
                },
            ],
        },
    },
    Heading {
        level: 5,
        content: StyledLine {
            spans: [
                StyledSpan {
                    text: "H5",
                    style: Style {
                        fg: Some(
                            Rgb(
                                255,
                                184,
                                108,
                            ),
                        ),
                        bg: None,
                        modifier: Modifier(
                            1,
                        ),
                    },
                    link: None,
                },
            ],
        },
    },
    Heading {
        level: 6,
        content: StyledLine {
            spans: [
                StyledSpan {
                    text: "H6",
                    style: Style {
                        fg: Some(
                            Rgb(
                                180,
                                180,
                                180,
                            ),
                        ),
                        bg: None,
                        modifier: Modifier(
                            1,
                        ),
                    },
                    link: None,
                },
            ],
        },
    },
]
