---
source: tests/snapshot_test.rs
expression: blocks
---
[
    Heading {
        level: 1,
        content: StyledLine {
            spans: [
                StyledSpan {
                    text: "H1",
                    style: Style::new().fg(Color::Rgb(189, 147, 249)).bold(),
                    link: None,
                },
            ],
        },
    },
    Heading {
        level: 2,
        content: StyledLine {
            spans: [
                StyledSpan {
                    text: "H2",
                    style: Style::new().fg(Color::Rgb(139, 233, 253)).bold(),
                    link: None,
                },
            ],
        },
    },
    Heading {
        level: 3,
        content: StyledLine {
            spans: [
                StyledSpan {
                    text: "H3",
                    style: Style::new().fg(Color::Rgb(80, 250, 123)).bold(),
                    link: None,
                },
            ],
        },
    },
    Heading {
        level: 4,
        content: StyledLine {
            spans: [
                StyledSpan {
                    text: "H4",
                    style: Style::new().fg(Color::Rgb(241, 250, 140)).bold(),
                    link: None,
                },
            ],
        },
    },
    Heading {
        level: 5,
        content: StyledLine {
            spans: [
                StyledSpan {
                    text: "H5",
                    style: Style::new().fg(Color::Rgb(255, 184, 108)).bold(),
                    link: None,
                },
            ],
        },
    },
    Heading {
        level: 6,
        content: StyledLine {
            spans: [
                StyledSpan {
                    text: "H6",
                    style: Style::new().fg(Color::Rgb(180, 180, 180)).bold(),
                    link: None,
                },
            ],
        },
    },
]
