---
source: tests/snapshot_test.rs
assertion_line: 23
expression: blocks
---
[
    CodeBlock {
        language: Some(
            "rust",
        ),
        lines: [
            StyledLine {
                spans: [
                    StyledSpan {
                        text: "fn",
                        style: Style {
                            fg: Some(
                                Rgb(
                                    180,
                                    142,
                                    173,
                                ),
                            ),
                            bg: Some(
                                Rgb(
                                    40,
                                    42,
                                    54,
                                ),
                            ),
                            modifier: Modifier(
                                0,
                            ),
                        },
                        link: None,
                    },
                    StyledSpan {
                        text: " ",
                        style: Style {
                            fg: Some(
                                Rgb(
                                    192,
                                    197,
                                    206,
                                ),
                            ),
                            bg: Some(
                                Rgb(
                                    40,
                                    42,
                                    54,
                                ),
                            ),
                            modifier: Modifier(
                                0,
                            ),
                        },
                        link: None,
                    },
                    StyledSpan {
                        text: "main",
                        style: Style {
                            fg: Some(
                                Rgb(
                                    143,
                                    161,
                                    179,
                                ),
                            ),
                            bg: Some(
                                Rgb(
                                    40,
                                    42,
                                    54,
                                ),
                            ),
                            modifier: Modifier(
                                0,
                            ),
                        },
                        link: None,
                    },
                    StyledSpan {
                        text: "(",
                        style: Style {
                            fg: Some(
                                Rgb(
                                    192,
                                    197,
                                    206,
                                ),
                            ),
                            bg: Some(
                                Rgb(
                                    40,
                                    42,
                                    54,
                                ),
                            ),
                            modifier: Modifier(
                                0,
                            ),
                        },
                        link: None,
                    },
                    StyledSpan {
                        text: ")",
                        style: Style {
                            fg: Some(
                                Rgb(
                                    192,
                                    197,
                                    206,
                                ),
                            ),
                            bg: Some(
                                Rgb(
                                    40,
                                    42,
                                    54,
                                ),
                            ),
                            modifier: Modifier(
                                0,
                            ),
                        },
                        link: None,
                    },
                    StyledSpan {
                        text: " ",
                        style: Style {
                            fg: Some(
                                Rgb(
                                    192,
                                    197,
                                    206,
                                ),
                            ),
                            bg: Some(
                                Rgb(
                                    40,
                                    42,
                                    54,
                                ),
                            ),
                            modifier: Modifier(
                                0,
                            ),
                        },
                        link: None,
                    },
                    StyledSpan {
                        text: "{",
                        style: Style {
                            fg: Some(
                                Rgb(
                                    192,
                                    197,
                                    206,
                                ),
                            ),
                            bg: Some(
                                Rgb(
                                    40,
                                    42,
                                    54,
                                ),
                            ),
                            modifier: Modifier(
                                0,
                            ),
                        },
                        link: None,
                    },
                ],
            },
            StyledLine {
                spans: [
                    StyledSpan {
                        text: "    ",
                        style: Style {
                            fg: Some(
                                Rgb(
                                    192,
                                    197,
                                    206,
                                ),
                            ),
                            bg: Some(
                                Rgb(
                                    40,
                                    42,
                                    54,
                                ),
                            ),
                            modifier: Modifier(
                                0,
                            ),
                        },
                        link: None,
                    },
                    StyledSpan {
                        text: "println!",
                        style: Style {
                            fg: Some(
                                Rgb(
                                    192,
                                    197,
                                    206,
                                ),
                            ),
                            bg: Some(
                                Rgb(
                                    40,
                                    42,
                                    54,
                                ),
                            ),
                            modifier: Modifier(
                                0,
                            ),
                        },
                        link: None,
                    },
                    StyledSpan {
                        text: "(",
                        style: Style {
                            fg: Some(
                                Rgb(
                                    192,
                                    197,
                                    206,
                                ),
                            ),
                            bg: Some(
                                Rgb(
                                    40,
                                    42,
                                    54,
                                ),
                            ),
                            modifier: Modifier(
                                0,
                            ),
                        },
                        link: None,
                    },
                    StyledSpan {
                        text: "\"",
                        style: Style {
                            fg: Some(
                                Rgb(
                                    192,
                                    197,
                                    206,
                                ),
                            ),
                            bg: Some(
                                Rgb(
                                    40,
                                    42,
                                    54,
                                ),
                            ),
                            modifier: Modifier(
                                0,
                            ),
                        },
                        link: None,
                    },
                    StyledSpan {
                        text: "hello",
                        style: Style {
                            fg: Some(
                                Rgb(
                                    163,
                                    190,
                                    140,
                                ),
                            ),
                            bg: Some(
                                Rgb(
                                    40,
                                    42,
                                    54,
                                ),
                            ),
                            modifier: Modifier(
                                0,
                            ),
                        },
                        link: None,
                    },
                    StyledSpan {
                        text: "\"",
                        style: Style {
                            fg: Some(
                                Rgb(
                                    192,
                                    197,
                                    206,
                                ),
                            ),
                            bg: Some(
                                Rgb(
                                    40,
                                    42,
                                    54,
                                ),
                            ),
                            modifier: Modifier(
                                0,
                            ),
                        },
                        link: None,
                    },
                    StyledSpan {
                        text: ")",
                        style: Style {
                            fg: Some(
                                Rgb(
                                    192,
                                    197,
                                    206,
                                ),
                            ),
                            bg: Some(
                                Rgb(
                                    40,
                                    42,
                                    54,
                                ),
                            ),
                            modifier: Modifier(
                                0,
                            ),
                        },
                        link: None,
                    },
                    StyledSpan {
                        text: ";",
                        style: Style {
                            fg: Some(
                                Rgb(
                                    192,
                                    197,
                                    206,
                                ),
                            ),
                            bg: Some(
                                Rgb(
                                    40,
                                    42,
                                    54,
                                ),
                            ),
                            modifier: Modifier(
                                0,
                            ),
                        },
                        link: None,
                    },
                ],
            },
            StyledLine {
                spans: [
                    StyledSpan {
                        text: "}",
                        style: Style {
                            fg: Some(
                                Rgb(
                                    192,
                                    197,
                                    206,
                                ),
                            ),
                            bg: Some(
                                Rgb(
                                    40,
                                    42,
                                    54,
                                ),
                            ),
                            modifier: Modifier(
                                0,
                            ),
                        },
                        link: None,
                    },
                ],
            },
        ],
    },
]
